Microchip MPLAB XC8 Compiler V2.45

Linker command line:

-W-3 \
  --edf=C:\Program Files\Microchip\xc8\v2.45\pic\dat\20230818022343_en.msgs \
  -cn -h+dist/default/debug\mole-attack.X.debug.sym \
  --cmf=dist/default/debug\mole-attack.X.debug.cmf -z -Q18F4520 \
  -oC:\Users\User\AppData\Local\Temp\xcAs7i8.\driver_tmp_3.o \
  --defsym=__MPLAB_BUILD=1 --fixupoverflow=error \
  -Mdist/default/debug/mole-attack.X.debug.map \
  --md=C:\Users\User\AppData\Local\Temp\xcAs7i8.\driver_tmp_0.dat -E1 \
  -ver=XC8 Compiler --acfsm=1493 -ACODE=00h-07DBFh -ACONST=00h-07DBFh \
  -ASMALLCONST=0600h-06FFhx119,07D00h-07DBFh -AMEDIUMCONST=0600h-07DBFh \
  -ACOMRAM=01h-07Fh -AABS1=00h-05F3h -ABIGRAM=01h-05F3h \
  -ARAM=080h-0FFh,0100h-01FFhx4,0500h-05F3h -ABANK0=080h-0FFh \
  -ABANK1=0100h-01FFh -ABANK2=0200h-02FFh -ABANK3=0300h-03FFh \
  -ABANK4=0400h-04FFh -ABANK5=0500h-05F3h \
  -ASFR=0F80h-0F9Bh,0F9Dh-0FD3h,0FD5h-0FDAh,0FE0h-0FE2h,0FE8h-0FEAh,0FF0h-0FFCh \
  -ABIGSFR=0F80h-0F9Bh,0F9Dh-0FD3h,0FD5h-0FDAh,0FE0h-0FE2h,0FE8h-0FEAh,0FF0h-0FFCh \
  -ACONFIG=0300000h-030000Dh -AIDLOC=0200000h-0200007h \
  -AEEDATA=0F00000h-0F000FFh -peeprom_data=EEDATA \
  -preset_vec=00h,intcode=08h,intcodelo=018h,powerup,init -pramtop=0600h \
  -psmallconst=SMALLCONST -pmediumconst=MEDIUMCONST -pconst=CONST \
  -AFARRAM=00h-00h \
  -prdata=COMRAM,nvrram=COMRAM,nvbit=COMRAM,rbss=COMRAM,rbit=COMRAM \
  -pfarbss=FARRAM,fardata=FARRAM,nvFARRAM=FARRAM \
  -pintsave_regs=BIGRAM,bigbss=BIGRAM,bigdata=BIGRAM -pbss=RAM \
  -pidata=CODE,irdata=CODE,ibigdata=CODE,ifardata=CODE -prparam=COMRAM \
  C:\Users\User\AppData\Local\Temp\xcAs7i8.\driver_tmp_9.o \
  dist/default/debug\mole-attack.X.debug.o 

Object code version is 3.11

Machine type is 18F4520



                Name                               Link     Load   Length Selector   Space Scale
C:\Users\User\AppData\Local\Temp\xcAs7i8.\driver_tmp_9.o
                idloc                            200000   200000        8        0       5
                config                           300000   300000        E        0       4
                init                                240      240        4        C       0
                reset_vec                             0        0        4        0       0
dist/default/debug\mole-attack.X.debug.o
                intcodelo                            18       18      228        C       0
                intcode                               8        8        6        4       0
                idloc                            200000   200000        8        0       5
                config                           300000   300000        E        0       4
                temp                                 5C       5C        1        1       1
                smallconst                          600      600       1C      300       0
                text22                             1152     1152       16      30E       0
                text21                              DB0      DB0       7E      30E       0
                text20                              97A      97A       C4      30E       0
                text19                              AEE      AEE       B0      30E       0
                text18                              C26      C26       88      30E       0
                text17                              F24      F24       7A      30E       0
                intcode_body                        61C      61C      19C      30E       0
                text15                              8B6      8B6       C4      30E       0
                text14                              A3E      A3E       B0      30E       0
                text13                              B9E      B9E       88      30E       0
                text12                             100A     100A       6A      30E       0
                text11                              F9E      F9E       6C      30E       0
                text10                             113C     113C       16      30E       0
                text9                               D32      D32       7E      30E       0
                text8                               EAA      EAA       7A      30E       0
                text6                              1124     1124       18      30E       0
                text5                              110C     110C       18      30E       0
                text4                               CAE      CAE       84      30E       0
                text3                               E2E      E2E       7C      30E       0
                text2                              10F0     10F0       1C      30E       0
                text1                              10BA     10BA       36      30E       0
                text0                               7B8      7B8       FE      30E       0
                cstackCOMRAM                          1        1       41        1       1
                cstackBANK0                          A0       A0       15       80       1
                bssBANK0                             80       80       20       80       1
                dataCOMRAM                           58       58        4        1       1
                bssCOMRAM                            42       42       12        1       1
                cinit                              1074     1074       46      30E       0
                nvCOMRAM                             54       54        4        1       1
                idataCOMRAM                        1168     1168        4      30E       0

TOTAL           Name                               Link     Load   Length     Space
        CLASS   CODE           
                intcodelo                            18       18      228         0
                intcode                               8        8        6         0
                init                                240      240        4         0
                reset_vec                             0        0        4         0
                text22                             1152     1152       16         0
                text21                              DB0      DB0       7E         0
                text20                              97A      97A       C4         0
                text19                              AEE      AEE       B0         0
                text18                              C26      C26       88         0
                text17                              F24      F24       7A         0
                intcode_body                        61C      61C      19C         0
                text15                              8B6      8B6       C4         0
                text14                              A3E      A3E       B0         0
                text13                              B9E      B9E       88         0
                text12                             100A     100A       6A         0
                text11                              F9E      F9E       6C         0
                text10                             113C     113C       16         0
                text9                               D32      D32       7E         0
                text8                               EAA      EAA       7A         0
                text6                              1124     1124       18         0
                text5                              110C     110C       18         0
                text4                               CAE      CAE       84         0
                text3                               E2E      E2E       7C         0
                text2                              10F0     10F0       1C         0
                text1                              10BA     10BA       36         0
                text0                               7B8      7B8       FE         0
                cinit                              1074     1074       46         0
                idataCOMRAM                        1168     1168        4         0

        CLASS   CONST          

        CLASS   SMALLCONST     
                smallconst                          600      600       1C         0

        CLASS   MEDIUMCONST    

        CLASS   COMRAM         
                temp                                 5C       5C        1         1
                cstackCOMRAM                          1        1       41         1
                dataCOMRAM                           58       58        4         1
                bssCOMRAM                            42       42       12         1
                nvCOMRAM                             54       54        4         1

        CLASS   ABS1           

        CLASS   BIGRAM         

        CLASS   RAM            

        CLASS   BANK0          
                cstackBANK0                          A0       A0       15         1
                bssBANK0                             80       80       20         1

        CLASS   BANK1          

        CLASS   BANK2          

        CLASS   BANK3          

        CLASS   BANK4          

        CLASS   BANK5          

        CLASS   SFR            

        CLASS   BIGSFR         

        CLASS   CONFIG         
                config                           300000   300000        E         4

        CLASS   IDLOC          
                idloc                            200000   200000        8         5

        CLASS   EEDATA         

        CLASS   FARRAM         

        CLASS   HEAP           

        CLASS   STACK          



SEGMENTS        Name                           Load    Length   Top    Selector   Space  Class

                reset_vec                      000000  000004  000004         0       0  CODE    
                cstackCOMRAM                   000001  00005C  00005D         1       1  COMRAM  
                intcode                        000008  000006  00000E         4       0  CODE    
                intcodelo                      000018  00022C  000244         C       0  CODE    
                bssBANK0                       000080  000035  0000B5        80       1  BANK0   
                smallconst                     000600  00001C  00061C       300       0  SMALLCON
                intcode_body                   00061C  000B50  00116C       30E       0  CODE    


UNUSED ADDRESS RANGES

        Name                Unused          Largest block    Delta
        BANK0            0000B5-0000FF               4B
        BANK1            000100-0001FF              100
        BANK2            000200-0002FF              100
        BANK3            000300-0003FF              100
        BANK4            000400-0004FF              100
        BANK5            000500-0005F3               F4
        BIGRAM           00005D-00007F               23
                         0000B5-0005F3              53F
        BIGSFR           000F80-000F9B               1C
                         000F9D-000FD3               37
                         000FD5-000FDA                6
                         000FE0-000FE2                3
                         000FE8-000FEA                3
                         000FF0-000FFC                D
        CODE             000004-000007                4
                         00000E-000017                A
                         000244-0005FF              3BC
                         00116C-007DBF             6C54
        COMRAM           00005D-00007F               23
        CONST            000004-000007                4
                         00000E-000017                A
                         000244-0005FF              3BC
                         00116C-007DBF             6C54
        EEDATA           F00000-F000FF              100
        MEDIUMCONST      00116C-007DBF             6C54
        RAM              0000B5-0005F3              100
        SFR              000F80-000F9B               1C
                         000F9D-000FD3               37
                         000FD5-000FDA                6
                         000FE0-000FE2                3
                         000FE8-000FEA                3
                         000FF0-000FFC                D
        SMALLCONST       00116C-007DBF              100

                                  Symbol Table

?___awdiv                  cstackCOMRAM 00001D
?___awmod                  cstackCOMRAM 00002F
?___lmul                   cstackCOMRAM 00001D
?_rand                     cstackCOMRAM 000029
?_time                     cstackBANK0  0000AB
?i2___awdiv                cstackCOMRAM 000001
?i2___awmod                cstackCOMRAM 000001
UART_Write@data            cstackBANK0  0000AB
UART_Write_Text@i          cstackBANK0  0000B0
UART_Write_Text@text       cstackBANK0  0000AC
_ADCON1                    (abs)        000FC1
_BAUDCONbits               (abs)        000FB8
_CCP1CONbits               (abs)        000FBD
_CCP2CONbits               (abs)        000FBA
_CCPR1L                    (abs)        000FBE
_CCPR2L                    (abs)        000FBB
_H_ISR                     intcode      000008
_INTCON2bits               (abs)        000FF1
_INTCON3bits               (abs)        000FF0
_INTCONbits                (abs)        000FF2
_LATA                      (abs)        000F89
_LATAbits                  (abs)        000F89
_LATB                      (abs)        000F8A
_LATC                      (abs)        000F8B
_L_ISR                     intcodelo    000018
_OSCCON                    (abs)        000FD3
_PIR1bits                  (abs)        000F9E
_PR2                       (abs)        000FCB
_RCONbits                  (abs)        000FD0
_RCSTAbits                 (abs)        000FAB
_SPBRG                     (abs)        000FAF
_T                         dataCOMRAM   00005A
_T0CON                     (abs)        000FD5
_T0CONbits                 (abs)        000FD5
_T2CONbits                 (abs)        000FCA
_TMR0H                     (abs)        000FD7
_TMR0IF                    (abs)        007F92
_TMR0L                     (abs)        000FD6
_TRISAbits                 (abs)        000F92
_TRISBbits                 (abs)        000F93
_TRISC                     (abs)        000F94
_TRISCbits                 (abs)        000F94
_TXREG                     (abs)        000FAD
_TXSTAbits                 (abs)        000FAC
_UART_Initialize           text6        001124
_UART_Write                text5        00110C
_UART_Write_Text           text4        000CAE
__HRAM                     (abs)        000000
__H__absolute__            __absolute__ 000000
__Habs1                    abs1         000000
__Hbank0                   bank0        000000
__Hbank1                   bank1        000000
__Hbank2                   bank2        000000
__Hbank3                   bank3        000000
__Hbank4                   bank4        000000
__Hbank5                   bank5        000000
__Hbigbss                  bigbss       000000
__Hbigdata                 bigdata      000000
__Hbigram                  bigram       000000
__Hbigsfr                  bigsfr       000000
__Hbss                     bss          000000
__HbssBANK0                bssBANK0     000000
__HbssCOMRAM               bssCOMRAM    000000
__Hcinit                   cinit        000000
__Hclrtext                 clrtext      000000
__Hcomram                  comram       000000
__Hconfig                  config       30000E
__Hconst                   const        000000
__HcstackBANK0             cstackBANK0  000000
__HcstackCOMRAM            cstackCOMRAM 000000
__Hdata                    data         000000
__HdataCOMRAM              dataCOMRAM   000000
__Heeprom_data             eeprom_data  000000
__Hfarbss                  farbss       000000
__Hfardata                 fardata      000000
__Hheap                    heap         000000
__Hibigdata                ibigdata     000000
__Hidata                   idata        000000
__HidataCOMRAM             idataCOMRAM  000000
__Hidloc                   idloc        200008
__Hifardata                ifardata     000000
__Hinit                    init         000244
__Hintcode                 intcode      00000E
__Hintcode_body            intcode_body 000000
__Hintcodelo               intcodelo    000240
__Hintentry                intentry     000000
__Hintret                  intret       000000
__Hintsave_regs            intsave_regs 000000
__Hirdata                  irdata       000000
__Hmediumconst             mediumconst  000000
__HnvCOMRAM                nvCOMRAM     000000
__HnvFARRAM                nvFARRAM     000000
__Hnvbit                   nvbit        000000
__Hnvrram                  nvrram       000000
__Hparam                   rparam       000000
__Hpowerup                 powerup      000240
__Hram                     ram          000000
__Hramtop                  ramtop       000600
__Hrbit                    rbit         000000
__Hrbss                    rbss         000000
__Hrdata                   rdata        000000
__Hreset_vec               reset_vec    000004
__Hrparam                  rparam       000000
__Hsfr                     sfr          000000
__Hsmallconst              smallconst   00061C
__Hspace_0                 (abs)        00116C
__Hspace_1                 (abs)        0000B5
__Hspace_2                 (abs)        000000
__Hspace_4                 (abs)        60000E
__Hstack                   stack        000000
__Hstruct                  struct       000000
__Htemp                    temp         00005D
__Htext                    text         000000
__Htext0                   text0        000000
__Htext1                   text1        000000
__Htext10                  text10       000000
__Htext11                  text11       000000
__Htext12                  text12       000000
__Htext13                  text13       000000
__Htext14                  text14       000000
__Htext15                  text15       000000
__Htext17                  text17       000000
__Htext18                  text18       000000
__Htext19                  text19       000000
__Htext2                   text2        000000
__Htext20                  text20       000000
__Htext21                  text21       000000
__Htext22                  text22       000000
__Htext3                   text3        000000
__Htext4                   text4        000000
__Htext5                   text5        000000
__Htext6                   text6        000000
__Htext8                   text8        000000
__Htext9                   text9        000000
__LRAM                     (abs)        000001
__L__absolute__            __absolute__ 000000
__Labs1                    abs1         000000
__Lbank0                   bank0        000000
__Lbank1                   bank1        000000
__Lbank2                   bank2        000000
__Lbank3                   bank3        000000
__Lbank4                   bank4        000000
__Lbank5                   bank5        000000
__Lbigbss                  bigbss       000000
__Lbigdata                 bigdata      000000
__Lbigram                  bigram       000000
__Lbigsfr                  bigsfr       000000
__Lbss                     bss          000000
__LbssBANK0                bssBANK0     000000
__LbssCOMRAM               bssCOMRAM    000000
__Lcinit                   cinit        000000
__Lclrtext                 clrtext      000000
__Lcomram                  comram       000000
__Lconfig                  config       000000
__Lconst                   const        000000
__LcstackBANK0             cstackBANK0  000000
__LcstackCOMRAM            cstackCOMRAM 000000
__Ldata                    data         000000
__LdataCOMRAM              dataCOMRAM   000000
__Leeprom_data             eeprom_data  000000
__Lfarbss                  farbss       000000
__Lfardata                 fardata      000000
__Lheap                    heap         000000
__Libigdata                ibigdata     000000
__Lidata                   idata        000000
__LidataCOMRAM             idataCOMRAM  000000
__Lidloc                   idloc        000000
__Lifardata                ifardata     000000
__Linit                    init         000240
__Lintcode                 intcode      000008
__Lintcode_body            intcode_body 000000
__Lintcodelo               intcodelo    000018
__Lintentry                intentry     000000
__Lintret                  intret       000000
__Lintsave_regs            intsave_regs 000000
__Lirdata                  irdata       000000
__Lmediumconst             mediumconst  000000
__LnvCOMRAM                nvCOMRAM     000000
__LnvFARRAM                nvFARRAM     000000
__Lnvbit                   nvbit        000000
__Lnvrram                  nvrram       000000
__Lparam                   rparam       000000
__Lpowerup                 powerup      000240
__Lram                     ram          000000
__Lramtop                  ramtop       000600
__Lrbit                    rbit         000000
__Lrbss                    rbss         000000
__Lrdata                   rdata        000000
__Lreset_vec               reset_vec    000000
__Lrparam                  rparam       000000
__Lsfr                     sfr          000000
__Lsmallconst              smallconst   000600
__Lspace_0                 (abs)        000000
__Lspace_1                 (abs)        000000
__Lspace_2                 (abs)        000000
__Lspace_4                 (abs)        000000
__Lstack                   stack        000000
__Lstruct                  struct       000000
__Ltemp                    temp         00005C
__Ltext                    text         000000
__Ltext0                   text0        000000
__Ltext1                   text1        000000
__Ltext10                  text10       000000
__Ltext11                  text11       000000
__Ltext12                  text12       000000
__Ltext13                  text13       000000
__Ltext14                  text14       000000
__Ltext15                  text15       000000
__Ltext17                  text17       000000
__Ltext18                  text18       000000
__Ltext19                  text19       000000
__Ltext2                   text2        000000
__Ltext20                  text20       000000
__Ltext21                  text21       000000
__Ltext22                  text22       000000
__Ltext3                   text3        000000
__Ltext4                   text4        000000
__Ltext5                   text5        000000
__Ltext6                   text6        000000
__Ltext8                   text8        000000
__Ltext9                   text9        000000
__S0                       (abs)        00116C
__S1                       (abs)        0000B5
__S4                       (abs)        000000
__S5                       (abs)        000000
___awdiv                   text15       0008B6
___awdiv@counter           cstackCOMRAM 000021
___awdiv@dividend          cstackCOMRAM 00001D
___awdiv@divisor           cstackCOMRAM 00001F
___awdiv@quotient          cstackCOMRAM 000023
___awdiv@sign              cstackCOMRAM 000022
___awmod                   text14       000A3E
___awmod@counter           cstackCOMRAM 000033
___awmod@dividend          cstackCOMRAM 00002F
___awmod@divisor           cstackCOMRAM 000031
___awmod@sign              cstackCOMRAM 000034
___heap_hi                 (abs)        000000
___heap_lo                 (abs)        000000
___inthi_sp                stack        000000
___inthi_stack_hi          stack        000000
___inthi_stack_lo          stack        000000
___intlo_sp                stack        000000
___intlo_stack_hi          stack        000000
___intlo_stack_lo          stack        000000
___lmul                    text12       00100A
___lmul@multiplicand       cstackCOMRAM 000021
___lmul@multiplier         cstackCOMRAM 00001D
___lmul@product            cstackCOMRAM 000025
___param_bank              (abs)        000000
___rparam_used             (abs)        000001
___sp                      stack        000000
___stack_hi                stack        000000
___stack_lo                stack        000000
__accesstop                (abs)        000080
__activetblptr             (abs)        000002
__end_of_H_ISR             intcode_body 0007B8
__end_of_L_ISR             intcodelo    000240
__end_of_UART_Initialize   text6        00113C
__end_of_UART_Write        text5        001124
__end_of_UART_Write_Text   text4        000D32
__end_of___awdiv           text15       00097A
__end_of___awmod           text14       000AEE
__end_of___lmul            text12       001074
__end_of__initialization   cinit        0010AC
__end_of_itoa              text13       000C26
__end_of_main              text0        0008B6
__end_of_motor_angle       text3        000EAA
__end_of_rand              text11       00100A
__end_of_srand             text2        00110C
__end_of_time              text1        0010F0
__end_ofi1_UART_Write      text10       001152
__end_ofi1_UART_Write_Text text9        000DB0
__end_ofi1_motor_angle     text8        000F24
__end_ofi2_UART_Write      text22       001168
__end_ofi2_UART_Write_Text text21       000E2E
__end_ofi2___awdiv         text20       000A3E
__end_ofi2___awmod         text19       000B9E
__end_ofi2_itoa            text18       000CAE
__end_ofi2_motor_angle     text17       000F9E
__initialization           cinit        001074
__mediumconst              mediumconst  000000
__pbssBANK0                bssBANK0     000080
__pbssCOMRAM               bssCOMRAM    000042
__pcinit                   cinit        001074
__pcstackBANK0             cstackBANK0  0000A0
__pcstackCOMRAM            cstackCOMRAM 000001
__pdataCOMRAM              dataCOMRAM   000058
__pidataCOMRAM             idataCOMRAM  001168
__pintcode                 intcode      000008
__pintcode_body            intcode_body 00061C
__pintcodelo               intcodelo    000018
__pnvCOMRAM                nvCOMRAM     000054
__psmallconst              smallconst   000600
__ptext0                   text0        0007B8
__ptext1                   text1        0010BA
__ptext10                  text10       00113C
__ptext11                  text11       000F9E
__ptext12                  text12       00100A
__ptext13                  text13       000B9E
__ptext14                  text14       000A3E
__ptext15                  text15       0008B6
__ptext17                  text17       000F24
__ptext18                  text18       000C26
__ptext19                  text19       000AEE
__ptext2                   text2        0010F0
__ptext20                  text20       00097A
__ptext21                  text21       000DB0
__ptext22                  text22       001152
__ptext3                   text3        000E2E
__ptext4                   text4        000CAE
__ptext5                   text5        00110C
__ptext6                   text6        001124
__ptext8                   text8        000EAA
__ptext9                   text9        000D32
__ramtop                   ramtop       000600
__smallconst               smallconst   000600
_check_0                   bssCOMRAM    000052
_check_1                   bssCOMRAM    000050
_check_2                   bssCOMRAM    00004E
_itoa                      text13       000B9E
_main                      text0        0007B8
_motor_angle               text3        000E2E
_motor_num                 dataCOMRAM   000058
_rand                      text11       000F9E
_score                     bssCOMRAM    00004C
_seed                      nvCOMRAM     000054
_srand                     text2        0010F0
_str                       bssCOMRAM    000042
_time                      text1        0010BA
btemp                      temp         00005C
end_of_initialization      cinit        0010AC
i1UART_Write@data          cstackCOMRAM 00001D
i1UART_Write_Text@i        cstackCOMRAM 000040
i1UART_Write_Text@text     cstackCOMRAM 00003C
i1_UART_Write              text10       00113C
i1_UART_Write_Text         text9        000D32
i1_motor_angle             text8        000EAA
i1motor_angle@number       cstackCOMRAM 00001D
i1motor_angle@state        cstackCOMRAM 00001F
i2UART_Write@data          cstackCOMRAM 000001
i2UART_Write_Text@i        cstackCOMRAM 000014
i2UART_Write_Text@text     cstackCOMRAM 000010
i2_UART_Write              text22       001152
i2_UART_Write_Text         text21       000DB0
i2___awdiv                 text20       00097A
i2___awdiv@counter         cstackCOMRAM 000005
i2___awdiv@dividend        cstackCOMRAM 000001
i2___awdiv@divisor         cstackCOMRAM 000003
i2___awdiv@quotient        cstackCOMRAM 000007
i2___awdiv@sign            cstackCOMRAM 000006
i2___awmod                 text19       000AEE
i2___awmod@counter         cstackCOMRAM 000005
i2___awmod@dividend        cstackCOMRAM 000001
i2___awmod@divisor         cstackCOMRAM 000003
i2___awmod@sign            cstackCOMRAM 000006
i2_itoa                    text18       000C26
i2_motor_angle             text17       000F24
i2itoa@base                cstackCOMRAM 00000B
i2itoa@i                   cstackCOMRAM 00000E
i2itoa@val                 cstackCOMRAM 000009
i2motor_angle@number       cstackCOMRAM 000001
i2motor_angle@state        cstackCOMRAM 000003
int$flags                  temp         00005C
int_func                   intcode_body 00061C
intlevel0                  text         000000
intlevel1                  text         000000
intlevel2                  text         000000
intlevel3                  text         000000
isa$std                    (abs)        000001
isa$xinst                  (abs)        000000
itoa@base                  cstackCOMRAM 000037
itoa@buf                   bssBANK0     000080
itoa@i                     cstackCOMRAM 00003A
itoa@val                   cstackCOMRAM 000035
motor_angle@number         cstackBANK0  0000AB
motor_angle@state          cstackBANK0  0000AD
srand@s                    cstackBANK0  0000AF
stackhi                    (abs)        000000
stacklo                    (abs)        000000
start                      init         000240
start_initialization       cinit        001074
time@t                     cstackBANK0  0000AB
ttemp5                     temp         00005D
ttemp6                     temp         000060
ttemp7                     temp         000064
wtemp8                     temp         00005D


MODULE INFORMATION

Module		Function		Class		Link	Load	Size
C:\Program Files\Microchip\xc8\v2.45\pic\sources\c99\common\rand.c
		_srand         		CODE           	10F0	0000	28
		_rand          		CODE           	0F9E	0000	108

C:\Program Files\Microchip\xc8\v2.45\pic\sources\c99\common\rand.c estimated size: 136

uart.c
		_UART_Write_Text		CODE           	0CAE	0000	132
		_UART_Initialize		CODE           	1124	0000	24
		_UART_Write    		CODE           	110C	0000	24

uart.c estimated size: 180

C:\Program Files\Microchip\xc8\v2.45\pic\sources\c99\common\Umul32.c
		___lmul        		CODE           	100A	0000	106

C:\Program Files\Microchip\xc8\v2.45\pic\sources\c99\common\Umul32.c estimated size: 106

C:\Program Files\Microchip\xc8\v2.45\pic\sources\c99\common\awmod.c
		___awmod       		CODE           	0A3E	0000	176

C:\Program Files\Microchip\xc8\v2.45\pic\sources\c99\common\awmod.c estimated size: 176

shared
		i1_UART_Write  		CODE           	113C	0000	22
		i2_UART_Write  		CODE           	1152	0000	22
		i2___awdiv     		CODE           	097A	0000	196
		__initialization		CODE           	1074	0000	56
		i2___awmod     		CODE           	0AEE	0000	176
		i1_motor_angle 		CODE           	0EAA	0000	122
		i2_motor_angle 		CODE           	0F24	0000	122
		i2_itoa        		CODE           	0C26	0000	136
		i1_UART_Write_Text		CODE           	0D32	0000	126
		i2_UART_Write_Text		CODE           	0DB0	0000	126

shared estimated size: 1104

game.c
		_motor_angle   		CODE           	0E2E	0000	124
		_H_ISR         		CODE           	0008	0000	418
		_main          		CODE           	07B8	0000	254
		_L_ISR         		CODE           	0018	0000	552
		_itoa          		CODE           	0B9E	0000	136

game.c estimated size: 1484

C:\Program Files\Microchip\xc8\v2.45\pic\sources\c99\common\time.c
		_time          		CODE           	10BA	0000	54

C:\Program Files\Microchip\xc8\v2.45\pic\sources\c99\common\time.c estimated size: 54

C:\Program Files\Microchip\xc8\v2.45\pic\sources\c99\common\awdiv.c
		___awdiv       		CODE           	08B6	0000	196

C:\Program Files\Microchip\xc8\v2.45\pic\sources\c99\common\awdiv.c estimated size: 196

